// Jest Snapshot v1, https://goo.gl/fbAQLP

exports[`CommentCard should match snapshot 1`] = `
<div
  className="CommentCard text-left"
>
  <Card
    body={false}
  >
    <div
      className="card"
    >
      <CardBody>
        <div
          className="card-body"
        >
          <CardText>
            <p
              className="card-text"
            >
              test comment
            </p>
          </CardText>
          <div
            className="text-muted d-flex justify-content-between"
          >
            <span
              className="d-flex flex-row align-items-center"
            >
              <span
                className="App-author ml-2 mr-1"
              >
                test user
              </span>
              commented 
              3 months ago
            </span>
            <Button
              active={false}
              disabled={false}
              onClick={[Function]}
              variant="primary"
            >
              <button
                className="btn btn-primary"
                disabled={false}
                onClick={[Function]}
                type="button"
              >
                Reply
              </button>
            </Button>
          </div>
        </div>
      </CardBody>
    </div>
  </Card>
</div>
`;
